Component: ARM Compiler 5.06 update 5 (build 528) Tool: armlink [4d35e2]

==============================================================================

Section Cross References

    main.o(i.Init_ADC) refers to mdr32f9qx_rst_clk.o(i.RST_CLK_PCLKcmd) for RST_CLK_PCLKcmd
    main.o(i.Init_ADC) refers to mdr32f9qx_port.o(i.PORT_Init) for PORT_Init
    main.o(i.Init_ADC) refers to mdr32f9qx_adc.o(i.ADC_Init) for ADC_Init
    main.o(i.Init_ADC) refers to mdr32f9qx_adc.o(i.ADC1_Init) for ADC1_Init
    main.o(i.Init_ADC) refers to mdr32f9qx_adc.o(i.ADC1_SetChannel) for ADC1_SetChannel
    main.o(i.Init_ADC) refers to mdr32f9qx_adc.o(i.ADC1_Cmd) for ADC1_Cmd
    main.o(i.Init_LED) refers to mdr32f9qx_rst_clk.o(i.RST_CLK_PCLKcmd) for RST_CLK_PCLKcmd
    main.o(i.Init_LED) refers to mdr32f9qx_port.o(i.PORT_Init) for PORT_Init
    main.o(i.main) refers to main.o(i.Init_LED) for Init_LED
    main.o(i.main) refers to main.o(i.Init_ADC) for Init_ADC
    main.o(i.main) refers to mdr32f9qx_adc.o(i.ADC1_Start) for ADC1_Start
    main.o(i.main) refers to mdr32f9qx_adc.o(i.ADC1_GetResult) for ADC1_GetResult
    main.o(i.main) refers to mdr32f9qx_adc.o(i.ADC_GetFlagStatus) for ADC_GetFlagStatus
    main.o(i.setLED) refers to mdr32f9qx_port.o(i.PORT_SetBits) for PORT_SetBits
    main.o(i.setLED) refers to mdr32f9qx_port.o(i.PORT_ResetBits) for PORT_ResetBits
    startup_mdr32f9qx.o(STACK) refers (Special) to heapauxi.o(.text) for __use_two_region_memory
    startup_mdr32f9qx.o(HEAP) refers (Special) to heapauxi.o(.text) for __use_two_region_memory
    startup_mdr32f9qx.o(RESET) refers (Special) to heapauxi.o(.text) for __use_two_region_memory
    startup_mdr32f9qx.o(RESET) refers to startup_mdr32f9qx.o(STACK) for __initial_sp
    startup_mdr32f9qx.o(RESET) refers to startup_mdr32f9qx.o(.text) for Reset_Handler
    startup_mdr32f9qx.o(.text) refers (Special) to heapauxi.o(.text) for __use_two_region_memory
    startup_mdr32f9qx.o(.text) refers to system_mdr32f9qx.o(i.SystemInit) for SystemInit
    startup_mdr32f9qx.o(.text) refers to __main.o(!!!main) for __main
    startup_mdr32f9qx.o(.text) refers to startup_mdr32f9qx.o(HEAP) for Heap_Mem
    startup_mdr32f9qx.o(.text) refers to startup_mdr32f9qx.o(STACK) for Stack_Mem
    system_mdr32f9qx.o(i.SystemCoreClockUpdate) refers to system_mdr32f9qx.o(.data) for SystemCoreClock
    system_mdr32f9qx.o(i.SystemInit) refers to system_mdr32f9qx.o(i.SystemCoreClockUpdate) for SystemCoreClockUpdate
    mdr32f9qx_adc.o(i.ADC_GetFlagStatus) refers to mdr32f9qx_adc.o(i.ADC_GetStatus) for ADC_GetStatus
    mdr32f9qx_adc.o(i.ADC_GetITStatus) refers to mdr32f9qx_adc.o(i.ADC_GetStatus) for ADC_GetStatus
    mdr32f9qx_rst_clk.o(i.RST_CLK_CPU_PLLstatus) refers to mdr32f9qx_rst_clk.o(i.RST_CLK_GetFlagStatus) for RST_CLK_GetFlagStatus
    mdr32f9qx_rst_clk.o(i.RST_CLK_DeInit) refers to mdr32f9qx_rst_clk.o(i.RST_CLK_WarmDeInit) for RST_CLK_WarmDeInit
    mdr32f9qx_rst_clk.o(i.RST_CLK_DeInit) refers to mdr32f9qx_rst_clk.o(i.RST_CLK_PCLKcmd) for RST_CLK_PCLKcmd
    mdr32f9qx_rst_clk.o(i.RST_CLK_HSEstatus) refers to mdr32f9qx_rst_clk.o(i.RST_CLK_GetFlagStatus) for RST_CLK_GetFlagStatus
    mdr32f9qx_rst_clk.o(i.RST_CLK_HSIstatus) refers to mdr32f9qx_rst_clk.o(i.RST_CLK_GetFlagStatus) for RST_CLK_GetFlagStatus
    mdr32f9qx_rst_clk.o(i.RST_CLK_LSEstatus) refers to mdr32f9qx_rst_clk.o(i.RST_CLK_GetFlagStatus) for RST_CLK_GetFlagStatus
    mdr32f9qx_rst_clk.o(i.RST_CLK_LSIstatus) refers to mdr32f9qx_rst_clk.o(i.RST_CLK_GetFlagStatus) for RST_CLK_GetFlagStatus
    mdr32f9qx_rst_clk.o(i.RST_CLK_USB_PLLstatus) refers to mdr32f9qx_rst_clk.o(i.RST_CLK_GetFlagStatus) for RST_CLK_GetFlagStatus
    mdr32f9qx_rst_clk.o(i.RST_CLK_WarmDeInit) refers to mdr32f9qx_rst_clk.o(i.RST_CLK_HSIcmd) for RST_CLK_HSIcmd
    mdr32f9qx_rst_clk.o(i.RST_CLK_WarmDeInit) refers to mdr32f9qx_rst_clk.o(i.RST_CLK_HSIstatus) for RST_CLK_HSIstatus
    mdr32f9qx_rst_clk.o(i.RST_CLK_WarmDeInit) refers to mdr32f9qx_rst_clk.o(i.RST_CLK_CPUclkSelection) for RST_CLK_CPUclkSelection
    __main.o(!!!main) refers to __rtentry.o(.ARM.Collect$$rtentry$$00000000) for __rt_entry
    __rtentry.o(.ARM.Collect$$rtentry$$00000000) refers (Special) to __rtentry2.o(.ARM.Collect$$rtentry$$0000000A) for __rt_entry_li
    __rtentry.o(.ARM.Collect$$rtentry$$00000000) refers (Special) to __rtentry2.o(.ARM.Collect$$rtentry$$0000000D) for __rt_entry_main
    __rtentry.o(.ARM.Collect$$rtentry$$00000000) refers (Special) to __rtentry2.o(.ARM.Collect$$rtentry$$0000000C) for __rt_entry_postli_1
    __rtentry.o(.ARM.Collect$$rtentry$$00000000) refers (Special) to __rtentry2.o(.ARM.Collect$$rtentry$$00000009) for __rt_entry_postsh_1
    __rtentry.o(.ARM.Collect$$rtentry$$00000000) refers (Special) to __rtentry2.o(.ARM.Collect$$rtentry$$00000002) for __rt_entry_presh_1
    __rtentry.o(.ARM.Collect$$rtentry$$00000000) refers (Special) to __rtentry4.o(.ARM.Collect$$rtentry$$00000004) for __rt_entry_sh
    __rtentry2.o(.ARM.Collect$$rtentry$$00000008) refers to boardinit2.o(.text) for _platform_post_stackheap_init
    __rtentry2.o(.ARM.Collect$$rtentry$$0000000A) refers to libinit.o(.ARM.Collect$$libinit$$00000000) for __rt_lib_init
    __rtentry2.o(.ARM.Collect$$rtentry$$0000000B) refers to boardinit3.o(.text) for _platform_post_lib_init
    __rtentry2.o(.ARM.Collect$$rtentry$$0000000D) refers to main.o(i.main) for main
    __rtentry2.o(.ARM.Collect$$rtentry$$0000000D) refers to exit.o(.text) for exit
    __rtentry2.o(.ARM.exidx) refers to __rtentry2.o(.ARM.Collect$$rtentry$$00000001) for .ARM.Collect$$rtentry$$00000001
    __rtentry2.o(.ARM.exidx) refers to __rtentry2.o(.ARM.Collect$$rtentry$$00000008) for .ARM.Collect$$rtentry$$00000008
    __rtentry2.o(.ARM.exidx) refers to __rtentry2.o(.ARM.Collect$$rtentry$$0000000A) for .ARM.Collect$$rtentry$$0000000A
    __rtentry2.o(.ARM.exidx) refers to __rtentry2.o(.ARM.Collect$$rtentry$$0000000B) for .ARM.Collect$$rtentry$$0000000B
    __rtentry2.o(.ARM.exidx) refers to __rtentry2.o(.ARM.Collect$$rtentry$$0000000D) for .ARM.Collect$$rtentry$$0000000D
    __rtentry4.o(.ARM.Collect$$rtentry$$00000004) refers to sys_stackheap_outer.o(.text) for __user_setup_stackheap
    __rtentry4.o(.ARM.exidx) refers to __rtentry4.o(.ARM.Collect$$rtentry$$00000004) for .ARM.Collect$$rtentry$$00000004
    sys_stackheap_outer.o(.text) refers to libspace.o(.text) for __user_perproc_libspace
    sys_stackheap_outer.o(.text) refers to startup_mdr32f9qx.o(.text) for __user_initial_stackheap
    exit.o(.text) refers to rtexit.o(.ARM.Collect$$rtexit$$00000000) for __rt_exit
    libinit.o(.ARM.Collect$$libinit$$00000000) refers (Special) to libinit2.o(.ARM.Collect$$libinit$$0000002E) for __rt_lib_init_alloca_1
    libinit.o(.ARM.Collect$$libinit$$00000000) refers (Special) to libinit2.o(.ARM.Collect$$libinit$$0000002C) for __rt_lib_init_argv_1
    libinit.o(.ARM.Collect$$libinit$$00000000) refers (Special) to libinit2.o(.ARM.Collect$$libinit$$0000001B) for __rt_lib_init_atexit_1
    libinit.o(.ARM.Collect$$libinit$$00000000) refers (Special) to libinit2.o(.ARM.Collect$$libinit$$00000021) for __rt_lib_init_clock_1
    libinit.o(.ARM.Collect$$libinit$$00000000) refers (Special) to libinit2.o(.ARM.Collect$$libinit$$00000032) for __rt_lib_init_cpp_1
    libinit.o(.ARM.Collect$$libinit$$00000000) refers (Special) to libinit2.o(.ARM.Collect$$libinit$$00000030) for __rt_lib_init_exceptions_1
    libinit.o(.ARM.Collect$$libinit$$00000000) refers (Special) to libinit2.o(.ARM.Collect$$libinit$$00000002) for __rt_lib_init_fp_1
    libinit.o(.ARM.Collect$$libinit$$00000000) refers (Special) to libinit2.o(.ARM.Collect$$libinit$$0000001F) for __rt_lib_init_fp_trap_1
    libinit.o(.ARM.Collect$$libinit$$00000000) refers (Special) to libinit2.o(.ARM.Collect$$libinit$$00000023) for __rt_lib_init_getenv_1
    libinit.o(.ARM.Collect$$libinit$$00000000) refers (Special) to libinit2.o(.ARM.Collect$$libinit$$0000000A) for __rt_lib_init_heap_1
    libinit.o(.ARM.Collect$$libinit$$00000000) refers (Special) to libinit2.o(.ARM.Collect$$libinit$$00000011) for __rt_lib_init_lc_collate_1
    libinit.o(.ARM.Collect$$libinit$$00000000) refers (Special) to libinit2.o(.ARM.Collect$$libinit$$00000013) for __rt_lib_init_lc_ctype_1
    libinit.o(.ARM.Collect$$libinit$$00000000) refers (Special) to libinit2.o(.ARM.Collect$$libinit$$00000015) for __rt_lib_init_lc_monetary_1
    libinit.o(.ARM.Collect$$libinit$$00000000) refers (Special) to libinit2.o(.ARM.Collect$$libinit$$00000017) for __rt_lib_init_lc_numeric_1
    libinit.o(.ARM.Collect$$libinit$$00000000) refers (Special) to libinit2.o(.ARM.Collect$$libinit$$00000019) for __rt_lib_init_lc_time_1
    libinit.o(.ARM.Collect$$libinit$$00000000) refers (Special) to libinit2.o(.ARM.Collect$$libinit$$00000004) for __rt_lib_init_preinit_1
    libinit.o(.ARM.Collect$$libinit$$00000000) refers (Special) to libinit2.o(.ARM.Collect$$libinit$$0000000E) for __rt_lib_init_rand_1
    libinit.o(.ARM.Collect$$libinit$$00000000) refers (Special) to libinit2.o(.ARM.Collect$$libinit$$00000033) for __rt_lib_init_return
    libinit.o(.ARM.Collect$$libinit$$00000000) refers (Special) to libinit2.o(.ARM.Collect$$libinit$$0000001D) for __rt_lib_init_signal_1
    libinit.o(.ARM.Collect$$libinit$$00000000) refers (Special) to libinit2.o(.ARM.Collect$$libinit$$00000025) for __rt_lib_init_stdio_1
    libinit.o(.ARM.Collect$$libinit$$00000000) refers (Special) to libinit2.o(.ARM.Collect$$libinit$$0000000C) for __rt_lib_init_user_alloc_1
    libspace.o(.text) refers to libspace.o(.bss) for __libspace_start
    rtexit.o(.ARM.Collect$$rtexit$$00000000) refers (Special) to rtexit2.o(.ARM.Collect$$rtexit$$00000004) for __rt_exit_exit
    rtexit.o(.ARM.Collect$$rtexit$$00000000) refers (Special) to rtexit2.o(.ARM.Collect$$rtexit$$00000003) for __rt_exit_ls
    rtexit.o(.ARM.Collect$$rtexit$$00000000) refers (Special) to rtexit2.o(.ARM.Collect$$rtexit$$00000002) for __rt_exit_prels_1
    rtexit.o(.ARM.exidx) refers (Special) to rtexit2.o(.ARM.Collect$$rtexit$$00000004) for __rt_exit_exit
    rtexit.o(.ARM.exidx) refers (Special) to rtexit2.o(.ARM.Collect$$rtexit$$00000003) for __rt_exit_ls
    rtexit.o(.ARM.exidx) refers (Special) to rtexit2.o(.ARM.Collect$$rtexit$$00000002) for __rt_exit_prels_1
    rtexit.o(.ARM.exidx) refers to rtexit.o(.ARM.Collect$$rtexit$$00000000) for .ARM.Collect$$rtexit$$00000000
    libinit2.o(.ARM.Collect$$libinit$$00000010) refers to libinit2.o(.ARM.Collect$$libinit$$0000000F) for .ARM.Collect$$libinit$$0000000F
    libinit2.o(.ARM.Collect$$libinit$$00000012) refers to libinit2.o(.ARM.Collect$$libinit$$0000000F) for .ARM.Collect$$libinit$$0000000F
    libinit2.o(.ARM.Collect$$libinit$$00000014) refers to libinit2.o(.ARM.Collect$$libinit$$0000000F) for .ARM.Collect$$libinit$$0000000F
    libinit2.o(.ARM.Collect$$libinit$$00000016) refers to libinit2.o(.ARM.Collect$$libinit$$0000000F) for .ARM.Collect$$libinit$$0000000F
    libinit2.o(.ARM.Collect$$libinit$$00000018) refers to libinit2.o(.ARM.Collect$$libinit$$0000000F) for .ARM.Collect$$libinit$$0000000F
    libinit2.o(.ARM.Collect$$libinit$$00000026) refers to argv_veneer.o(.emb_text) for __ARM_argv_veneer
    libinit2.o(.ARM.Collect$$libinit$$00000027) refers to argv_veneer.o(.emb_text) for __ARM_argv_veneer
    rtexit2.o(.ARM.Collect$$rtexit$$00000003) refers to libshutdown.o(.ARM.Collect$$libshutdown$$00000000) for __rt_lib_shutdown
    rtexit2.o(.ARM.Collect$$rtexit$$00000004) refers to sys_exit.o(.text) for _sys_exit
    rtexit2.o(.ARM.exidx) refers to rtexit2.o(.ARM.Collect$$rtexit$$00000001) for .ARM.Collect$$rtexit$$00000001
    rtexit2.o(.ARM.exidx) refers to rtexit2.o(.ARM.Collect$$rtexit$$00000003) for .ARM.Collect$$rtexit$$00000003
    rtexit2.o(.ARM.exidx) refers to rtexit2.o(.ARM.Collect$$rtexit$$00000004) for .ARM.Collect$$rtexit$$00000004
    argv_veneer.o(.emb_text) refers to no_argv.o(.text) for __ARM_get_argv
    sys_exit.o(.text) refers (Special) to use_no_semi.o(.text) for __I$use$semihosting
    sys_exit.o(.text) refers (Special) to indicate_semi.o(.text) for __semihosting_library_function
    _get_argv_nomalloc.o(.text) refers (Special) to hrguard.o(.text) for __heap_region$guard
    _get_argv_nomalloc.o(.text) refers to defsig_rtmem_outer.o(.text) for __rt_SIGRTMEM
    _get_argv_nomalloc.o(.text) refers to sys_command.o(.text) for _sys_command_string
    libshutdown.o(.ARM.Collect$$libshutdown$$00000000) refers (Special) to libshutdown2.o(.ARM.Collect$$libshutdown$$00000002) for __rt_lib_shutdown_cpp_1
    libshutdown.o(.ARM.Collect$$libshutdown$$00000000) refers (Special) to libshutdown2.o(.ARM.Collect$$libshutdown$$00000007) for __rt_lib_shutdown_fp_trap_1
    libshutdown.o(.ARM.Collect$$libshutdown$$00000000) refers (Special) to libshutdown2.o(.ARM.Collect$$libshutdown$$0000000F) for __rt_lib_shutdown_heap_1
    libshutdown.o(.ARM.Collect$$libshutdown$$00000000) refers (Special) to libshutdown2.o(.ARM.Collect$$libshutdown$$00000010) for __rt_lib_shutdown_return
    libshutdown.o(.ARM.Collect$$libshutdown$$00000000) refers (Special) to libshutdown2.o(.ARM.Collect$$libshutdown$$0000000A) for __rt_lib_shutdown_signal_1
    libshutdown.o(.ARM.Collect$$libshutdown$$00000000) refers (Special) to libshutdown2.o(.ARM.Collect$$libshutdown$$00000004) for __rt_lib_shutdown_stdio_1
    libshutdown.o(.ARM.Collect$$libshutdown$$00000000) refers (Special) to libshutdown2.o(.ARM.Collect$$libshutdown$$0000000C) for __rt_lib_shutdown_user_alloc_1
    sys_command.o(.text) refers (Special) to use_no_semi.o(.text) for __I$use$semihosting
    sys_command.o(.text) refers (Special) to indicate_semi.o(.text) for __semihosting_library_function
    defsig_rtmem_outer.o(.text) refers to defsig_rtmem_inner.o(.text) for __rt_SIGRTMEM_inner
    defsig_rtmem_outer.o(.text) refers to defsig_exit.o(.text) for __sig_exit
    defsig_rtmem_formal.o(.text) refers to rt_raise.o(.text) for __rt_raise
    rt_raise.o(.text) refers to __raise.o(.text) for __raise
    rt_raise.o(.text) refers to sys_exit.o(.text) for _sys_exit
    defsig_exit.o(.text) refers to sys_exit.o(.text) for _sys_exit
    defsig_rtmem_inner.o(.text) refers to defsig_general.o(.text) for __default_signal_display
    __raise.o(.text) refers to defsig.o(CL$$defsig) for __default_signal_handler
    defsig_general.o(.text) refers to sys_wrch.o(.text) for _ttywrch
    sys_wrch.o(.text) refers (Special) to use_no_semi.o(.text) for __I$use$semihosting
    sys_wrch.o(.text) refers (Special) to indicate_semi.o(.text) for __semihosting_library_function
    defsig.o(CL$$defsig) refers to defsig_rtmem_inner.o(.text) for __rt_SIGRTMEM_inner
    defsig_abrt_inner.o(.text) refers to defsig_general.o(.text) for __default_signal_display
    defsig_fpe_inner.o(.text) refers to defsig_general.o(.text) for __default_signal_display
    defsig_rtred_inner.o(.text) refers to defsig_general.o(.text) for __default_signal_display
    defsig_stak_inner.o(.text) refers to defsig_general.o(.text) for __default_signal_display
    defsig_pvfn_inner.o(.text) refers to defsig_general.o(.text) for __default_signal_display
    defsig_cppl_inner.o(.text) refers to defsig_general.o(.text) for __default_signal_display
    defsig_segv_inner.o(.text) refers to defsig_general.o(.text) for __default_signal_display
    defsig_other.o(.text) refers to defsig_general.o(.text) for __default_signal_display


==============================================================================

Removing Unused input sections from the image.

    Removing main.o(.rev16_text), (4 bytes).
    Removing main.o(.revsh_text), (4 bytes).
    Removing main.o(.rrx_text), (6 bytes).
    Removing main.o(i.setLED), (200 bytes).
    Removing system_mdr32f9qx.o(.rev16_text), (4 bytes).
    Removing system_mdr32f9qx.o(.revsh_text), (4 bytes).
    Removing system_mdr32f9qx.o(.rrx_text), (6 bytes).
    Removing mdr32f9qx_adc.o(.rev16_text), (4 bytes).
    Removing mdr32f9qx_adc.o(.revsh_text), (4 bytes).
    Removing mdr32f9qx_adc.o(.rrx_text), (6 bytes).
    Removing mdr32f9qx_adc.o(i.ADC1_ChannelSwithingConfig), (20 bytes).
    Removing mdr32f9qx_adc.o(i.ADC1_ClearOutOfRangeFlag), (20 bytes).
    Removing mdr32f9qx_adc.o(i.ADC1_ClearOverwriteFlag), (20 bytes).
    Removing mdr32f9qx_adc.o(i.ADC1_GetFlagStatus), (24 bytes).
    Removing mdr32f9qx_adc.o(i.ADC1_GetITStatus), (28 bytes).
    Removing mdr32f9qx_adc.o(i.ADC1_GetStatus), (12 bytes).
    Removing mdr32f9qx_adc.o(i.ADC1_ITConfig), (28 bytes).
    Removing mdr32f9qx_adc.o(i.ADC1_LevelsConfig), (28 bytes).
    Removing mdr32f9qx_adc.o(i.ADC1_OperationModeConfig), (24 bytes).
    Removing mdr32f9qx_adc.o(i.ADC1_SamplingModeConfig), (20 bytes).
    Removing mdr32f9qx_adc.o(i.ADC1_SetChannels), (12 bytes).
    Removing mdr32f9qx_adc.o(i.ADC1_SetHighLevel), (12 bytes).
    Removing mdr32f9qx_adc.o(i.ADC1_SetLowLevel), (12 bytes).
    Removing mdr32f9qx_adc.o(i.ADC2_ChannelSwithingConfig), (20 bytes).
    Removing mdr32f9qx_adc.o(i.ADC2_ClearOutOfRangeFlag), (20 bytes).
    Removing mdr32f9qx_adc.o(i.ADC2_ClearOverwriteFlag), (20 bytes).
    Removing mdr32f9qx_adc.o(i.ADC2_Cmd), (28 bytes).
    Removing mdr32f9qx_adc.o(i.ADC2_GetFlagStatus), (24 bytes).
    Removing mdr32f9qx_adc.o(i.ADC2_GetITStatus), (28 bytes).
    Removing mdr32f9qx_adc.o(i.ADC2_GetResult), (12 bytes).
    Removing mdr32f9qx_adc.o(i.ADC2_GetStatus), (12 bytes).
    Removing mdr32f9qx_adc.o(i.ADC2_ITConfig), (28 bytes).
    Removing mdr32f9qx_adc.o(i.ADC2_Init), (80 bytes).
    Removing mdr32f9qx_adc.o(i.ADC2_LevelsConfig), (28 bytes).
    Removing mdr32f9qx_adc.o(i.ADC2_OperationModeConfig), (24 bytes).
    Removing mdr32f9qx_adc.o(i.ADC2_SamplingModeConfig), (20 bytes).
    Removing mdr32f9qx_adc.o(i.ADC2_SetChannel), (24 bytes).
    Removing mdr32f9qx_adc.o(i.ADC2_SetChannels), (12 bytes).
    Removing mdr32f9qx_adc.o(i.ADC2_SetHighLevel), (12 bytes).
    Removing mdr32f9qx_adc.o(i.ADC2_SetLowLevel), (12 bytes).
    Removing mdr32f9qx_adc.o(i.ADC2_Start), (20 bytes).
    Removing mdr32f9qx_adc.o(i.ADC_DeInit), (44 bytes).
    Removing mdr32f9qx_adc.o(i.ADC_GetITStatus), (28 bytes).
    Removing mdr32f9qx_adc.o(i.ADC_ITConfig), (52 bytes).
    Removing mdr32f9qx_adc.o(i.ADC_SetTrim), (24 bytes).
    Removing mdr32f9qx_adc.o(i.ADC_StructInit), (18 bytes).
    Removing mdr32f9qx_adc.o(i.ADCx_StructInit), (28 bytes).
    Removing mdr32f9qx_port.o(.rev16_text), (4 bytes).
    Removing mdr32f9qx_port.o(.revsh_text), (4 bytes).
    Removing mdr32f9qx_port.o(.rrx_text), (6 bytes).
    Removing mdr32f9qx_port.o(i.PORT_DeInit), (20 bytes).
    Removing mdr32f9qx_port.o(i.PORT_ReadInputData), (6 bytes).
    Removing mdr32f9qx_port.o(i.PORT_ReadInputDataBit), (16 bytes).
    Removing mdr32f9qx_port.o(i.PORT_ResetBits), (28 bytes).
    Removing mdr32f9qx_port.o(i.PORT_SetBits), (28 bytes).
    Removing mdr32f9qx_port.o(i.PORT_StructInit), (28 bytes).
    Removing mdr32f9qx_port.o(i.PORT_Write), (24 bytes).
    Removing mdr32f9qx_port.o(i.PORT_WriteBit), (44 bytes).
    Removing mdr32f9qx_rst_clk.o(.rev16_text), (4 bytes).
    Removing mdr32f9qx_rst_clk.o(.revsh_text), (4 bytes).
    Removing mdr32f9qx_rst_clk.o(.rrx_text), (6 bytes).
    Removing mdr32f9qx_rst_clk.o(i.RST_CLK_ADCclkEnable), (12 bytes).
    Removing mdr32f9qx_rst_clk.o(i.RST_CLK_ADCclkPrescaler), (24 bytes).
    Removing mdr32f9qx_rst_clk.o(i.RST_CLK_ADCclkSelection), (20 bytes).
    Removing mdr32f9qx_rst_clk.o(i.RST_CLK_CPU_PLLcmd), (12 bytes).
    Removing mdr32f9qx_rst_clk.o(i.RST_CLK_CPU_PLLconfig), (64 bytes).
    Removing mdr32f9qx_rst_clk.o(i.RST_CLK_CPU_PLLstatus), (52 bytes).
    Removing mdr32f9qx_rst_clk.o(i.RST_CLK_CPU_PLLuse), (12 bytes).
    Removing mdr32f9qx_rst_clk.o(i.RST_CLK_CPUclkPrescaler), (24 bytes).
    Removing mdr32f9qx_rst_clk.o(i.RST_CLK_CPUclkSelection), (20 bytes).
    Removing mdr32f9qx_rst_clk.o(i.RST_CLK_DeInit), (44 bytes).
    Removing mdr32f9qx_rst_clk.o(i.RST_CLK_GetClocksFreq), (628 bytes).
    Removing mdr32f9qx_rst_clk.o(i.RST_CLK_GetFlagStatus), (52 bytes).
    Removing mdr32f9qx_rst_clk.o(i.RST_CLK_HSEclkPrescaler), (20 bytes).
    Removing mdr32f9qx_rst_clk.o(i.RST_CLK_HSEconfig), (60 bytes).
    Removing mdr32f9qx_rst_clk.o(i.RST_CLK_HSEstatus), (52 bytes).
    Removing mdr32f9qx_rst_clk.o(i.RST_CLK_HSIadjust), (24 bytes).
    Removing mdr32f9qx_rst_clk.o(i.RST_CLK_HSIclkPrescaler), (24 bytes).
    Removing mdr32f9qx_rst_clk.o(i.RST_CLK_HSIcmd), (12 bytes).
    Removing mdr32f9qx_rst_clk.o(i.RST_CLK_HSIstatus), (52 bytes).
    Removing mdr32f9qx_rst_clk.o(i.RST_CLK_LSEconfig), (60 bytes).
    Removing mdr32f9qx_rst_clk.o(i.RST_CLK_LSEstatus), (52 bytes).
    Removing mdr32f9qx_rst_clk.o(i.RST_CLK_LSIadjust), (24 bytes).
    Removing mdr32f9qx_rst_clk.o(i.RST_CLK_LSIcmd), (12 bytes).
    Removing mdr32f9qx_rst_clk.o(i.RST_CLK_LSIstatus), (52 bytes).
    Removing mdr32f9qx_rst_clk.o(i.RST_CLK_RTC_HSEclkEnable), (12 bytes).
    Removing mdr32f9qx_rst_clk.o(i.RST_CLK_RTC_HSIclkEnable), (12 bytes).
    Removing mdr32f9qx_rst_clk.o(i.RST_CLK_USB_PLLcmd), (12 bytes).
    Removing mdr32f9qx_rst_clk.o(i.RST_CLK_USB_PLLconfig), (64 bytes).
    Removing mdr32f9qx_rst_clk.o(i.RST_CLK_USB_PLLstatus), (52 bytes).
    Removing mdr32f9qx_rst_clk.o(i.RST_CLK_USB_PLLuse), (12 bytes).
    Removing mdr32f9qx_rst_clk.o(i.RST_CLK_USBclkEnable), (12 bytes).
    Removing mdr32f9qx_rst_clk.o(i.RST_CLK_USBclkPrescaler), (12 bytes).
    Removing mdr32f9qx_rst_clk.o(i.RST_CLK_WarmDeInit), (84 bytes).

94 unused section(s) (total 3022 bytes) removed from the image.
